[nitoTV] constructor(101): bundle loaded!
[nitoTV] BRBaseAppliance: OK, nitoTVAppliance: not yet
[nitoTV] [nitoTV] Dtor: bundle loaded, registering classes
[nitoTV] [nitoTV] +initialize (軽量: 重い処理はスキップ)
[nitoTV] [nitoTV] initWithApplianceInfo: called (iOS5+ 経路)
[nitoTV] [nitoTV] applianceInfo called, ntvFivePointOnePlus=1, NTVApplianceInfo=OK
[nitoTV] [nitoTV] applianceInfo called, ntvFivePointOnePlus=1, NTVApplianceInfo=OK
[nitoTV] [nitoTV] applianceInfo called, ntvFivePointOnePlus=1, NTVApplianceInfo=OK
[nitoTV] [nitoTV] applianceInfo called, ntvFivePointOnePlus=1, NTVApplianceInfo=OK
[nitoTV] [nitoTV] applianceInfo called, ntvFivePointOnePlus=1, NTVApplianceInfo=OK
[nitoTV] [nitoTV] applianceInfo called, ntvFivePointOnePlus=1, NTVApplianceInfo=OK
[nitoTV] [nitoTV] initWithApplianceInfo: categories set (6)
[nitoTV] [nitoTV] initWithApplianceInfo: called (iOS5+ 経路)
[nitoTV] [nitoTV] applianceInfo called, ntvFivePointOnePlus=1, NTVApplianceInfo=OK
[nitoTV] [nitoTV] applianceInfo called, ntvFivePointOnePlus=1, NTVApplianceInfo=OK
[nitoTV] [nitoTV] applianceInfo called, ntvFivePointOnePlus=1, NTVApplianceInfo=OK
[nitoTV] [nitoTV] applianceInfo called, ntvFivePointOnePlus=1, NTVApplianceInfo=OK
[nitoTV] [nitoTV] applianceInfo called, ntvFivePointOnePlus=1, NTVApplianceInfo=OK
[nitoTV] [nitoTV] applianceInfo called, ntvFivePointOnePlus=1, NTVApplianceInfo=OK
[nitoTV] [nitoTV] initWithApplianceInfo: categories set (6)
[nitoTV] [nitoTV] applianceInfo called, ntvFivePointOnePlus=1, NTVApplianceInfo=OK
[nitoTV] [nitoTV] applianceInfo called, ntvFivePointOnePlus=1, NTVApplianceInfo=OK
[nitoTV] [nitoTV] +initialize (軽量: 重い処理はスキップ)
[nitoTV] [nitoTV] applianceInfo called, ntvFivePointOnePlus=1, NTVApplianceInfo=OK
[nitoTV] [nitoTV] applianceInfo called, ntvFivePointOnePlus=1, NTVApplianceInfo=OK
[nitoTV] [nitoTV] applianceInfo called, ntvFivePointOnePlus=1, NTVApplianceInfo=OK
[nitoTV] [nitoTV] applianceInfo called, ntvFivePointOnePlus=1, NTVApplianceInfo=OK
[nitoTV] [nitoTV] applianceInfo called, ntvFivePointOnePlus=1, NTVApplianceInfo=OK
[nitoTV] constructor(101): bundle loaded!
[nitoTV] BRBaseAppliance: OK, nitoTVAppliance: not yet
[nitoTV] [nitoTV] Dtor: bundle loaded, registering classes
[nitoTV] [nitoTV] +initialize (軽量: 重い処理はスキップ)
[nitoTV] [nitoTV] initWithApplianceInfo: called (iOS5+ 経路)
[nitoTV] [nitoTV] applianceInfo called, ntvFivePointOnePlus=1, NTVApplianceInfo=OK
[nitoTV] [nitoTV] applianceInfo called, ntvFivePointOnePlus=1, NTVApplianceInfo=OK
[nitoTV] [nitoTV] applianceInfo called, ntvFivePointOnePlus=1, NTVApplianceInfo=OK
[nitoTV] [nitoTV] applianceInfo called, ntvFivePointOnePlus=1, NTVApplianceInfo=OK
[nitoTV] [nitoTV] applianceInfo called, ntvFivePointOnePlus=1, NTVApplianceInfo=OK
[nitoTV] [nitoTV] applianceInfo called, ntvFivePointOnePlus=1, NTVApplianceInfo=OK
[nitoTV] [nitoTV] initWithApplianceInfo: categories set (6)
[nitoTV] [nitoTV] initWithApplianceInfo: called (iOS5+ 経路)
[nitoTV] [nitoTV] applianceInfo called, ntvFivePointOnePlus=1, NTVApplianceInfo=OK
[nitoTV] [nitoTV] applianceInfo called, ntvFivePointOnePlus=1, NTVApplianceInfo=OK
[nitoTV] [nitoTV] applianceInfo called, ntvFivePointOnePlus=1, NTVApplianceInfo=OK
[nitoTV] [nitoTV] applianceInfo called, ntvFivePointOnePlus=1, NTVApplianceInfo=OK
[nitoTV] [nitoTV] applianceInfo called, ntvFivePointOnePlus=1, NTVApplianceInfo=OK
[nitoTV] [nitoTV] applianceInfo called, ntvFivePointOnePlus=1, NTVApplianceInfo=OK
[nitoTV] [nitoTV] initWithApplianceInfo: categories set (6)
[nitoTV] [nitoTV] applianceInfo called, ntvFivePointOnePlus=1, NTVApplianceInfo=OK
[nitoTV] [nitoTV] applianceInfo called, ntvFivePointOnePlus=1, NTVApplianceInfo=OK
[nitoTV] [nitoTV] +initialize (軽量: 重い処理はスキップ)
[nitoTV] [nitoTV] applianceInfo called, ntvFivePointOnePlus=1, NTVApplianceInfo=OK
[nitoTV] [nitoTV] applianceInfo called, ntvFivePointOnePlus=1, NTVApplianceInfo=OK
[nitoTV] [nitoTV] applianceInfo called, ntvFivePointOnePlus=1, NTVApplianceInfo=OK
[nitoTV] [nitoTV] applianceInfo called, ntvFivePointOnePlus=1, NTVApplianceInfo=OK
[nitoTV] [nitoTV] applianceInfo called, ntvFivePointOnePlus=1, NTVApplianceInfo=OK
[nitoTV] constructor(101): bundle loaded!
[nitoTV] BRBaseAppliance: OK, nitoTVAppliance: not yet
[nitoTV] [nitoTV] Dtor: bundle loaded, registering classes
[nitoTV] [nitoTV] +initialize (軽量: 重い処理はスキップ)
[nitoTV] [nitoTV] initWithApplianceInfo: called (iOS5+ 経路)
[nitoTV] [nitoTV] applianceInfo called, ntvFivePointOnePlus=1, NTVApplianceInfo=OK
[nitoTV] [nitoTV] applianceInfo called, ntvFivePointOnePlus=1, NTVApplianceInfo=OK
[nitoTV] [nitoTV] applianceInfo called, ntvFivePointOnePlus=1, NTVApplianceInfo=OK
[nitoTV] [nitoTV] applianceInfo called, ntvFivePointOnePlus=1, NTVApplianceInfo=OK
[nitoTV] [nitoTV] applianceInfo called, ntvFivePointOnePlus=1, NTVApplianceInfo=OK
[nitoTV] [nitoTV] applianceInfo called, ntvFivePointOnePlus=1, NTVApplianceInfo=OK
[nitoTV] [nitoTV] initWithApplianceInfo: categories set (6)
[nitoTV] [nitoTV] initWithApplianceInfo: called (iOS5+ 経路)
[nitoTV] [nitoTV] applianceInfo called, ntvFivePointOnePlus=1, NTVApplianceInfo=OK
[nitoTV] [nitoTV] applianceInfo called, ntvFivePointOnePlus=1, NTVApplianceInfo=OK
[nitoTV] [nitoTV] applianceInfo called, ntvFivePointOnePlus=1, NTVApplianceInfo=OK
[nitoTV] [nitoTV] applianceInfo called, ntvFivePointOnePlus=1, NTVApplianceInfo=OK
[nitoTV] [nitoTV] applianceInfo called, ntvFivePointOnePlus=1, NTVApplianceInfo=OK
[nitoTV] [nitoTV] applianceInfo called, ntvFivePointOnePlus=1, NTVApplianceInfo=OK
[nitoTV] [nitoTV] initWithApplianceInfo: categories set (6)
[nitoTV] [nitoTV] applianceInfo called, ntvFivePointOnePlus=1, NTVApplianceInfo=OK
[nitoTV] [nitoTV] applianceInfo called, ntvFivePointOnePlus=1, NTVApplianceInfo=OK
[nitoTV] [nitoTV] +initialize (軽量: 重い処理はスキップ)
[nitoTV] [nitoTV] applianceInfo called, ntvFivePointOnePlus=1, NTVApplianceInfo=OK
[nitoTV] [nitoTV] applianceInfo called, ntvFivePointOnePlus=1, NTVApplianceInfo=OK
[nitoTV] [nitoTV] applianceInfo called, ntvFivePointOnePlus=1, NTVApplianceInfo=OK
[nitoTV] [nitoTV] applianceInfo called, ntvFivePointOnePlus=1, NTVApplianceInfo=OK
[nitoTV] [nitoTV] applianceInfo called, ntvFivePointOnePlus=1, NTVApplianceInfo=OK
[nitoTV] [nitoTV] applianceInfo called, ntvFivePointOnePlus=1, NTVApplianceInfo=OK
[nitoTV] [nitoTV] applianceInfo called, ntvFivePointOnePlus=1, NTVApplianceInfo=OK
[nitoTV] [nitoTV] applianceInfo called, ntvFivePointOnePlus=1, NTVApplianceInfo=OK
[nitoTV] [nitoTV] applianceInfo called, ntvFivePointOnePlus=1, NTVApplianceInfo=OK
[nitoTV] [nitoTV] applianceInfo called, ntvFivePointOnePlus=1, NTVApplianceInfo=OK
[nitoTV] [nitoTV] initWithApplianceInfo: called (iOS5+ 経路)
[nitoTV] [nitoTV] applianceInfo called, ntvFivePointOnePlus=1, NTVApplianceInfo=OK
[nitoTV] [nitoTV] applianceInfo called, ntvFivePointOnePlus=1, NTVApplianceInfo=OK
[nitoTV] [nitoTV] applianceInfo called, ntvFivePointOnePlus=1, NTVApplianceInfo=OK
[nitoTV] [nitoTV] applianceInfo called, ntvFivePointOnePlus=1, NTVApplianceInfo=OK
[nitoTV] [nitoTV] applianceInfo called, ntvFivePointOnePlus=1, NTVApplianceInfo=OK
[nitoTV] [nitoTV] applianceInfo called, ntvFivePointOnePlus=1, NTVApplianceInfo=OK
[nitoTV] [nitoTV] initWithApplianceInfo: categories set (6)
[nitoTV] [nitoTV] applianceInfo called, ntvFivePointOnePlus=1, NTVApplianceInfo=OK
[nitoTV] [nitoTV] applianceInfo called, ntvFivePointOnePlus=1, NTVApplianceInfo=OK
[nitoTV] [nitoTV] applianceInfo called, ntvFivePointOnePlus=1, NTVApplianceInfo=OK
[nitoTV] [nitoTV] applianceInfo called, ntvFivePointOnePlus=1, NTVApplianceInfo=OK
[nitoTV] [nitoTV] applianceInfo called, ntvFivePointOnePlus=1, NTVApplianceInfo=OK
[nitoTV] [nitoTV] applianceInfo called, ntvFivePointOnePlus=1, NTVApplianceInfo=OK
[nitoTV] [nitoTV] applianceInfo called, ntvFivePointOnePlus=1, NTVApplianceInfo=OK
[nitoTV] [nitoTV] applianceInfo called, ntvFivePointOnePlus=1, NTVApplianceInfo=OK
[nitoTV] [nitoTV] applianceInfo called, ntvFivePointOnePlus=1, NTVApplianceInfo=OK
[nitoTV] [nitoTV] applianceInfo called, ntvFivePointOnePlus=1, NTVApplianceInfo=OK
[nitoTV] [nitoTV] applianceInfo called, ntvFivePointOnePlus=1, NTVApplianceInfo=OK
[nitoTV] [nitoTV] applianceInfo called, ntvFivePointOnePlus=1, NTVApplianceInfo=OK
[nitoTV] [nitoTV] initWithApplianceInfo: called (iOS5+ 経路)
[nitoTV] [nitoTV] applianceInfo called, ntvFivePointOnePlus=1, NTVApplianceInfo=OK
[nitoTV] [nitoTV] applianceInfo called, ntvFivePointOnePlus=1, NTVApplianceInfo=OK
[nitoTV] [nitoTV] applianceInfo called, ntvFivePointOnePlus=1, NTVApplianceInfo=OK
[nitoTV] [nitoTV] applianceInfo called, ntvFivePointOnePlus=1, NTVApplianceInfo=OK
[nitoTV] [nitoTV] applianceInfo called, ntvFivePointOnePlus=1, NTVApplianceInfo=OK
[nitoTV] [nitoTV] applianceInfo called, ntvFivePointOnePlus=1, NTVApplianceInfo=OK
[nitoTV] [nitoTV] initWithApplianceInfo: categories set (6)
[nitoTV] [nitoTV] applianceInfo called, ntvFivePointOnePlus=1, NTVApplianceInfo=OK
[nitoTV] [nitoTV] applianceInfo called, ntvFivePointOnePlus=1, NTVApplianceInfo=OK
[nitoTV] [nitoTV] applianceInfo called, ntvFivePointOnePlus=1, NTVApplianceInfo=OK
[nitoTV] [nitoTV] applianceInfo called, ntvFivePointOnePlus=1, NTVApplianceInfo=OK
[nitoTV] [nitoTV] applianceInfo called, ntvFivePointOnePlus=1, NTVApplianceInfo=OK
[nitoTV] [nitoTV] applianceInfo called, ntvFivePointOnePlus=1, NTVApplianceInfo=OK
[nitoTV] [nitoTV] applianceInfo called, ntvFivePointOnePlus=1, NTVApplianceInfo=OK
[nitoTV] [nitoTV] applianceInfo called, ntvFivePointOnePlus=1, NTVApplianceInfo=OK
[nitoTV] [nitoTV] applianceInfo called, ntvFivePointOnePlus=1, NTVApplianceInfo=OK
[nitoTV] [nitoTV] applianceInfo called, ntvFivePointOnePlus=1, NTVApplianceInfo=OK
[nitoTV] [nitoTV] applianceInfo called, ntvFivePointOnePlus=1, NTVApplianceInfo=OK
[nitoTV] [nitoTV] applianceInfo called, ntvFivePointOnePlus=1, NTVApplianceInfo=OK
[nitoTV] constructor(101): bundle loaded!
[nitoTV] BRBaseAppliance: OK, nitoTVAppliance: not yet
[nitoTV] [nitoTV] Dtor: bundle loaded, registering classes
[nitoTV] [nitoTV] +initialize (軽量: 重い処理はスキップ)
[nitoTV] [nitoTV] initWithApplianceInfo: called (iOS5+ 経路)
[nitoTV] [nitoTV] applianceInfo called, ntvFivePointOnePlus=1, NTVApplianceInfo=OK
[nitoTV] [nitoTV] applianceInfo called, ntvFivePointOnePlus=1, NTVApplianceInfo=OK
[nitoTV] [nitoTV] applianceInfo called, ntvFivePointOnePlus=1, NTVApplianceInfo=OK
[nitoTV] [nitoTV] applianceInfo called, ntvFivePointOnePlus=1, NTVApplianceInfo=OK
[nitoTV] [nitoTV] applianceInfo called, ntvFivePointOnePlus=1, NTVApplianceInfo=OK
[nitoTV] [nitoTV] applianceInfo called, ntvFivePointOnePlus=1, NTVApplianceInfo=OK
[nitoTV] [nitoTV] initWithApplianceInfo: categories set (6)
[nitoTV] [nitoTV] initWithApplianceInfo: called (iOS5+ 経路)
[nitoTV] [nitoTV] applianceInfo called, ntvFivePointOnePlus=1, NTVApplianceInfo=OK
[nitoTV] [nitoTV] applianceInfo called, ntvFivePointOnePlus=1, NTVApplianceInfo=OK
[nitoTV] [nitoTV] applianceInfo called, ntvFivePointOnePlus=1, NTVApplianceInfo=OK
[nitoTV] [nitoTV] applianceInfo called, ntvFivePointOnePlus=1, NTVApplianceInfo=OK
[nitoTV] [nitoTV] applianceInfo called, ntvFivePointOnePlus=1, NTVApplianceInfo=OK
[nitoTV] [nitoTV] applianceInfo called, ntvFivePointOnePlus=1, NTVApplianceInfo=OK
[nitoTV] [nitoTV] initWithApplianceInfo: categories set (6)
[nitoTV] [nitoTV] applianceInfo called, ntvFivePointOnePlus=1, NTVApplianceInfo=OK
[nitoTV] [nitoTV] applianceInfo called, ntvFivePointOnePlus=1, NTVApplianceInfo=OK
[nitoTV] [nitoTV] +initialize (軽量: 重い処理はスキップ)
[nitoTV] [nitoTV] applianceInfo called, ntvFivePointOnePlus=1, NTVApplianceInfo=OK
[nitoTV] [nitoTV] WEATHER selected. internetAvailable=1, ntvWeatherManager=OK
[nitoTV] [nitoTV] applianceInfo called, ntvFivePointOnePlus=1, NTVApplianceInfo=OK
[nitoTV] [weather] initWithArray start
[nitoTV] [weather] after [self init]
[nitoTV] [weather] before setListIcon
[nitoTV] [weather] after setListIcon
[nitoTV] [weather] plist=/var/db/stash/Applications/AppleTV.app/Appliances/nitoTV.frappliance/weather.plist globalDict keys=4
[nitoTV] [weather] before setDatasource, list=<BRListControl: 0x197e7e40; frame = (0 0; 0 0); opaque = NO; layer = <BRControlLayer: 0x197d98c0>>
[nitoTV] [weather] controlCount=5, before addDividerAtIndex
[nitoTV] [weather] initWithArray done
[nitoTV] [nitoTV] WEATHER ntvWeatherManager init done: <ntvWeatherManager: 0x197d4410; frame = (0 0; 0 0); autoresize = W+H; layer = <BRControlLayer: 0x197dae60>>
[nitoTV] [nitoTV] applianceInfo called, ntvFivePointOnePlus=1, NTVApplianceInfo=OK
[nitoTV] [nitoTV] applianceInfo called, ntvFivePointOnePlus=1, NTVApplianceInfo=OK
[nitoTV] [nitoTV] applianceInfo called, ntvFivePointOnePlus=1, NTVApplianceInfo=OK
[nitoTV] constructor(101): bundle loaded!
[nitoTV] BRBaseAppliance: OK, nitoTVAppliance: not yet
[nitoTV] [nitoTV] Dtor: bundle loaded, registering classes
[nitoTV] [nitoTV] +initialize (軽量: 重い処理はスキップ)
[nitoTV] [nitoTV] initWithApplianceInfo: called (iOS5+ 経路)
[nitoTV] [nitoTV] applianceInfo called, ntvFivePointOnePlus=1, NTVApplianceInfo=OK
[nitoTV] [nitoTV] applianceInfo called, ntvFivePointOnePlus=1, NTVApplianceInfo=OK
[nitoTV] [nitoTV] applianceInfo called, ntvFivePointOnePlus=1, NTVApplianceInfo=OK
[nitoTV] [nitoTV] applianceInfo called, ntvFivePointOnePlus=1, NTVApplianceInfo=OK
[nitoTV] [nitoTV] applianceInfo called, ntvFivePointOnePlus=1, NTVApplianceInfo=OK
[nitoTV] [nitoTV] applianceInfo called, ntvFivePointOnePlus=1, NTVApplianceInfo=OK
[nitoTV] [nitoTV] initWithApplianceInfo: categories set (6)
